Archive member included to satisfy reference by file (symbol)

C:\Users\dsikar\Documents\Arduino\Knob\ArduinoSketch4\StandardFirmata\ArduinoCore\Debug\libArduinoCore.a(main.o)
                              C:/Program Files (x86)/Atmel/Studio/7.0/Packs/atmel/ATmega_DFP/1.0.106/gcc/dev/atmega328p/avr5/crtatmega328p.o (main)
C:\Users\dsikar\Documents\Arduino\Knob\ArduinoSketch4\StandardFirmata\ArduinoCore\Debug\libArduinoCore.a(wiring.o)
                              Sketch.o (millis)
C:\Users\dsikar\Documents\Arduino\Knob\ArduinoSketch4\StandardFirmata\ArduinoCore\Debug\libArduinoCore.a(wiring_analog.o)
                              Sketch.o (analogRead)
C:\Users\dsikar\Documents\Arduino\Knob\ArduinoSketch4\StandardFirmata\ArduinoCore\Debug\libArduinoCore.a(wiring_digital.o)
                              Sketch.o (pinMode)
C:\Users\dsikar\Documents\Arduino\Knob\ArduinoSketch4\StandardFirmata\ArduinoCore\Debug\libArduinoCore.a(Firmata.o)
                              Sketch.o (_ZN12FirmataClass25setFirmwareNameAndVersionEPKchh)
C:\Users\dsikar\Documents\Arduino\Knob\ArduinoSketch4\StandardFirmata\ArduinoCore\Debug\libArduinoCore.a(Servo.o)
                              Sketch.o (_ZN5ServoC1Ev)
C:\Users\dsikar\Documents\Arduino\Knob\ArduinoSketch4\StandardFirmata\ArduinoCore\Debug\libArduinoCore.a(Wire.o)
                              Sketch.o (_ZN7TwoWire9availableEv)
C:\Users\dsikar\Documents\Arduino\Knob\ArduinoSketch4\StandardFirmata\ArduinoCore\Debug\libArduinoCore.a(HardwareSerial.o)
                              C:\Users\dsikar\Documents\Arduino\Knob\ArduinoSketch4\StandardFirmata\ArduinoCore\Debug\libArduinoCore.a(Firmata.o) (_ZN14HardwareSerial5beginEmh)
C:\Users\dsikar\Documents\Arduino\Knob\ArduinoSketch4\StandardFirmata\ArduinoCore\Debug\libArduinoCore.a(HardwareSerial0.o)
                              C:\Users\dsikar\Documents\Arduino\Knob\ArduinoSketch4\StandardFirmata\ArduinoCore\Debug\libArduinoCore.a(Firmata.o) (Serial)
C:\Users\dsikar\Documents\Arduino\Knob\ArduinoSketch4\StandardFirmata\ArduinoCore\Debug\libArduinoCore.a(hooks.o)
                              C:\Users\dsikar\Documents\Arduino\Knob\ArduinoSketch4\StandardFirmata\ArduinoCore\Debug\libArduinoCore.a(wiring.o) (yield)
C:\Users\dsikar\Documents\Arduino\Knob\ArduinoSketch4\StandardFirmata\ArduinoCore\Debug\libArduinoCore.a(Print.o)
                              C:\Users\dsikar\Documents\Arduino\Knob\ArduinoSketch4\StandardFirmata\ArduinoCore\Debug\libArduinoCore.a(HardwareSerial.o) (_ZN5Print5writeEPKhj)
C:\Users\dsikar\Documents\Arduino\Knob\ArduinoSketch4\StandardFirmata\ArduinoCore\Debug\libArduinoCore.a(WMath.o)
                              C:\Users\dsikar\Documents\Arduino\Knob\ArduinoSketch4\StandardFirmata\ArduinoCore\Debug\libArduinoCore.a(Servo.o) (_Z3maplllll)
C:\Users\dsikar\Documents\Arduino\Knob\ArduinoSketch4\StandardFirmata\ArduinoCore\Debug\libArduinoCore.a(twi.o)
                              C:\Users\dsikar\Documents\Arduino\Knob\ArduinoSketch4\StandardFirmata\ArduinoCore\Debug\libArduinoCore.a(Wire.o) (twi_init)
C:\Users\dsikar\Documents\Arduino\Knob\ArduinoSketch4\StandardFirmata\ArduinoCore\Debug\libArduinoCore.a(abi.o)
                              C:\Users\dsikar\Documents\Arduino\Knob\ArduinoSketch4\StandardFirmata\ArduinoCore\Debug\libArduinoCore.a(Print.o) (__cxa_pure_virtual)
c:/program files (x86)/atmel/studio/7.0/toolchain/avr8/avr8-gnu-toolchain/bin/../lib/gcc/avr/4.9.2/../../../../avr/lib/avr5\libm.a(addsf3.o)
                              C:\Users\dsikar\Documents\Arduino\Knob\ArduinoSketch4\StandardFirmata\ArduinoCore\Debug\libArduinoCore.a(Print.o) (__subsf3)
c:/program files (x86)/atmel/studio/7.0/toolchain/avr8/avr8-gnu-toolchain/bin/../lib/gcc/avr/4.9.2/../../../../avr/lib/avr5\libm.a(addsf3x.o)
                              c:/program files (x86)/atmel/studio/7.0/toolchain/avr8/avr8-gnu-toolchain/bin/../lib/gcc/avr/4.9.2/../../../../avr/lib/avr5\libm.a(addsf3.o) (__addsf3x)
c:/program files (x86)/atmel/studio/7.0/toolchain/avr8/avr8-gnu-toolchain/bin/../lib/gcc/avr/4.9.2/../../../../avr/lib/avr5\libm.a(cmpsf2.o)
                              C:\Users\dsikar\Documents\Arduino\Knob\ArduinoSketch4\StandardFirmata\ArduinoCore\Debug\libArduinoCore.a(Print.o) (__ltsf2)
c:/program files (x86)/atmel/studio/7.0/toolchain/avr8/avr8-gnu-toolchain/bin/../lib/gcc/avr/4.9.2/../../../../avr/lib/avr5\libm.a(divsf3.o)
                              C:\Users\dsikar\Documents\Arduino\Knob\ArduinoSketch4\StandardFirmata\ArduinoCore\Debug\libArduinoCore.a(Print.o) (__divsf3)
c:/program files (x86)/atmel/studio/7.0/toolchain/avr8/avr8-gnu-toolchain/bin/../lib/gcc/avr/4.9.2/../../../../avr/lib/avr5\libm.a(divsf3x.o)
                              c:/program files (x86)/atmel/studio/7.0/toolchain/avr8/avr8-gnu-toolchain/bin/../lib/gcc/avr/4.9.2/../../../../avr/lib/avr5\libm.a(divsf3.o) (__divsf3x)
[...]
Memory Configuration

Name             Origin             Length             Attributes
text             0x00000000         0x00020000         xr
data             0x00800060         0x0000ffa0         rw !x
eeprom           0x00810000         0x00010000         rw !x
fuse             0x00820000         0x00000400         rw !x
lock             0x00830000         0x00000400         rw !x
signature        0x00840000         0x00000400         rw !x
user_signatures  0x00850000         0x00000400         rw !x
*default*        0x00000000         0xffffffff

Linker script and memory map

Address of section .data set to 0x800100
LOAD C:/Program Files (x86)/Atmel/Studio/7.0/Packs/atmel/ATmega_DFP/1.0.106/gcc/dev/atmega328p/avr5/crtatmega328p.o
LOAD Sketch.o
START GROUP
LOAD c:/program files (x86)/atmel/studio/7.0/toolchain/avr8/avr8-gnu-toolchain/bin/../lib/gcc/avr/4.9.2/../../../../avr/lib/avr5\libm.a
LOAD C:\Users\dsikar\Documents\Arduino\Knob\ArduinoSketch4\StandardFirmata\ArduinoCore\Debug\libArduinoCore.a
END GROUP
LOAD c:/program files (x86)/atmel/studio/7.0/toolchain/avr8/avr8-gnu-toolchain/bin/../lib/gcc/avr/4.9.2/avr5\libgcc.a
LOAD c:/program files (x86)/atmel/studio/7.0/toolchain/avr8/avr8-gnu-toolchain/bin/../lib/gcc/avr/4.9.2/../../../../avr/lib/avr5\libm.a
START GROUP
LOAD c:/program files (x86)/atmel/studio/7.0/toolchain/avr8/avr8-gnu-toolchain/bin/../lib/gcc/avr/4.9.2/avr5\libgcc.a
LOAD c:/program files (x86)/atmel/studio/7.0/toolchain/avr8/avr8-gnu-toolchain/bin/../lib/gcc/avr/4.9.2/../../../../avr/lib/avr5\libm.a
LOAD c:/program files (x86)/atmel/studio/7.0/toolchain/avr8/avr8-gnu-toolchain/bin/../lib/gcc/avr/4.9.2/../../../../avr/lib/avr5\libc.a
LOAD C:/Program Files (x86)/Atmel/Studio/7.0/Packs/atmel/ATmega_DFP/1.0.106/gcc/dev/atmega328p/avr5\libatmega328p.a
END GROUP
                0x00020000                __TEXT_REGION_LENGTH__ = DEFINED (__TEXT_REGION_LENGTH__)?__TEXT_REGION_LENGTH__:0x20000
                0x0000ffa0                __DATA_REGION_LENGTH__ = DEFINED (__DATA_REGION_LENGTH__)?__DATA_REGION_LENGTH__:0xffa0
                0x00010000                __EEPROM_REGION_LENGTH__ = DEFINED (__EEPROM_REGION_LENGTH__)?__EEPROM_REGION_LENGTH__:0x10000
                0x00000400                __FUSE_REGION_LENGTH__ = DEFINED (__FUSE_REGION_LENGTH__)?__FUSE_REGION_LENGTH__:0x400
                0x00000400                __LOCK_REGION_LENGTH__ = DEFINED (__LOCK_REGION_LENGTH__)?__LOCK_REGION_LENGTH__:0x400
                0x00000400                __SIGNATURE_REGION_LENGTH__ = DEFINED (__SIGNATURE_REGION_LENGTH__)?__SIGNATURE_REGION_LENGTH__:0x400
                0x00000400                __USER_SIGNATURE_REGION_LENGTH__ = DEFINED (__USER_SIGNATURE_REGION_LENGTH__)?__USER_SIGNATURE_REGION_LENGTH__:0x400

.hash
 *(.hash)

.dynsym
 *(.dynsym)

.dynstr
 *(.dynstr)

.gnu.version
 *(.gnu.version)

.gnu.version_d
 *(.gnu.version_d)

.gnu.version_r
 *(.gnu.version_r)

.rel.init
 *(.rel.init)

.rela.init
 *(.rela.init)

.rel.text
 *(.rel.text)
 *(.rel.text.*)
 *(.rel.gnu.linkonce.t*)

.rela.text
 *(.rela.text)
 *(.rela.text.*)
 *(.rela.gnu.linkonce.t*)

.rel.fini
 *(.rel.fini)

.rela.fini
 *(.rela.fini)

.rel.rodata
 *(.rel.rodata)
 *(.rel.rodata.*)
 *(.rel.gnu.linkonce.r*)

.rela.rodata
 *(.rela.rodata)
 *(.rela.rodata.*)
 *(.rela.gnu.linkonce.r*)

.rel.data
 *(.rel.data)
 *(.rel.data.*)
 *(.rel.gnu.linkonce.d*)

.rela.data
 *(.rela.data)
 *(.rela.data.*)
 *(.rela.gnu.linkonce.d*)

.rel.ctors
 *(.rel.ctors)

.rela.ctors
 *(.rela.ctors)

.rel.dtors
 *(.rel.dtors)

.rela.dtors
 *(.rela.dtors)

.rel.got
 *(.rel.got)

.rela.got
 *(.rela.got)

.rel.bss
 *(.rel.bss)

.rela.bss
 *(.rela.bss)

.rel.plt
 *(.rel.plt)

.rela.plt
 *(.rela.plt)

.text           0x00000000     0x2fbc
 *(.vectors)
 .vectors       0x00000000       0x68 C:/Program Files (x86)/Atmel/Studio/7.0/Packs/atmel/ATmega_DFP/1.0.106/gcc/dev/atmega328p/avr5/crtatmega328p.o
                0x00000000                __vector_default
                0x00000000                __vectors
 *(.vectors)
 *(.progmem.gcc*)
 .progmem.gcc_sw_table._Z18setPinModeCallbackhi
                0x00000068       0x18 Sketch.o
 .progmem.gcc_sw_table._Z13sysexCallbackhhPh
                0x00000080       0x24 Sketch.o
                0x000000a4                . = ALIGN (0x2)
                0x000000a4                __trampolines_start = .
 *(.trampolines)
 .trampolines   0x000000a4        0x0 linker stubs
 *(.trampolines*)
                0x000000a4                __trampolines_end = .
 *libprintf_flt.a:*(.progmem.data)
 *libc.a:*(.progmem.data)
 *(.progmem*)
 .progmem.data.digital_pin_to_timer_PGM
                0x000000a4       0x14 C:\Users\dsikar\Documents\Arduino\Knob\ArduinoSketch4\StandardFirmata\ArduinoCore\Debug\libArduinoCore.a(wiring_digital.o)
                0x000000a4                digital_pin_to_timer_PGM
 .progmem.data.digital_pin_to_bit_mask_PGM
                0x000000b8       0x14 C:\Users\dsikar\Documents\Arduino\Knob\ArduinoSketch4\StandardFirmata\ArduinoCore\Debug\libArduinoCore.a(wiring_digital.o)
                0x000000b8                digital_pin_to_bit_mask_PGM
 .progmem.data.digital_pin_to_port_PGM
                0x000000cc       0x14 C:\Users\dsikar\Documents\Arduino\Knob\ArduinoSketch4\StandardFirmata\ArduinoCore\Debug\libArduinoCore.a(wiring_digital.o)
                0x000000cc                digital_pin_to_port_PGM
 .progmem.data.port_to_output_PGM
                0x000000e0        0xa C:\Users\dsikar\Documents\Arduino\Knob\ArduinoSketch4\StandardFirmata\ArduinoCore\Debug\libArduinoCore.a(wiring_digital.o)
                0x000000e0                port_to_output_PGM
 .progmem.data.port_to_mode_PGM
                0x000000ea        0xa C:\Users\dsikar\Documents\Arduino\Knob\ArduinoSketch4\StandardFirmata\ArduinoCore\Debug\libArduinoCore.a(wiring_digital.o)
                0x000000ea                port_to_mode_PGM
                0x000000f4                . = ALIGN (0x2)
 *(.jumptables)
 *(.jumptables*)
 *(.lowtext)
 *(.lowtext*)
                0x000000f4                __ctors_start = .
 *(.ctors)
 .ctors         0x000000f4        0x2 Sketch.o
 .ctors         0x000000f6        0x2 C:\Users\dsikar\Documents\Arduino\Knob\ArduinoSketch4\StandardFirmata\ArduinoCore\Debug\libArduinoCore.a(Firmata.o)
 .ctors         0x000000f8        0x2 C:\Users\dsikar\Documents\Arduino\Knob\ArduinoSketch4\StandardFirmata\ArduinoCore\Debug\libArduinoCore.a(Wire.o)
 .ctors         0x000000fa        0x2 C:\Users\dsikar\Documents\Arduino\Knob\ArduinoSketch4\StandardFirmata\ArduinoCore\Debug\libArduinoCore.a(HardwareSerial0.o)
                0x000000fc                __ctors_end = .
                0x000000fc                __dtors_start = .
 *(.dtors)
                0x000000fc                __dtors_end = .
 SORT(*)(.ctors)
 SORT(*)(.dtors)
 *(.init0)
 .init0         0x000000fc        0x0 C:/Program Files (x86)/Atmel/Studio/7.0/Packs/atmel/ATmega_DFP/1.0.106/gcc/dev/atmega328p/avr5/crtatmega328p.o
                0x000000fc                __init
 *(.init0)
 *(.init1)
 *(.init1)
 *(.init2)
 .init2         0x000000fc        0xc C:/Program Files (x86)/Atmel/Studio/7.0/Packs/atmel/ATmega_DFP/1.0.106/gcc/dev/atmega328p/avr5/crtatmega328p.o
 *(.init2)
 *(.init3)
 *(.init3)
 *(.init4)
 .init4         0x00000108       0x16 c:/program files (x86)/atmel/studio/7.0/toolchain/avr8/avr8-gnu-toolchain/bin/../lib/gcc/avr/4.9.2/avr5\libgcc.a(_copy_data.o)
                0x00000108                __do_copy_data
 .init4         0x0000011e       0x10 c:/program files (x86)/atmel/studio/7.0/toolchain/avr8/avr8-gnu-toolchain/bin/../lib/gcc/avr/4.9.2/avr5\libgcc.a(_clear_bss.o)
                0x0000011e                __do_clear_bss
 *(.init4)
 *(.init5)
 *(.init5)
 *(.init6)
 .init6         0x0000012e       0x16 c:/program files (x86)/atmel/studio/7.0/toolchain/avr8/avr8-gnu-toolchain/bin/../lib/gcc/avr/4.9.2/avr5\libgcc.a(_ctors.o)
                0x0000012e                __do_global_ctors
 *(.init6)
 *(.init7)
 *(.init7)
 *(.init8)
 *(.init8)
 *(.init9)
 .init9         0x00000144        0x8 C:/Program Files (x86)/Atmel/Studio/7.0/Packs/atmel/ATmega_DFP/1.0.106/gcc/dev/atmega328p/avr5/crtatmega328p.o
 *(.init9)
 *(.text)
 .text          0x0000014c        0x4 C:/Program Files (x86)/Atmel/Studio/7.0/Packs/atmel/ATmega_DFP/1.0.106/gcc/dev/atmega328p/avr5/crtatmega328p.o
                0x0000014c                __vector_22
                0x0000014c                __vector_1
                0x0000014c                __vector_12
                0x0000014c                __bad_interrupt
                0x0000014c                __vector_6
                0x0000014c                __vector_3
                0x0000014c                __vector_23
                0x0000014c                __vector_25
                0x0000014c                __vector_13
                0x0000014c                __vector_17
                0x0000014c                __vector_7
                0x0000014c                __vector_5
                0x0000014c                __vector_4
                0x0000014c                __vector_9
                0x0000014c                __vector_2
                0x0000014c                __vector_21
                0x0000014c                __vector_15
                0x0000014c                __vector_8
                0x0000014c                __vector_14
                0x0000014c                __vector_10
                0x0000014c                __vector_20
                0x00000150                . = ALIGN (0x2)
 *(.text.*)
 .text._Z19setPinValueCallbackhi
                0x00000150       0x56 Sketch.o
                0x00000150                _Z19setPinValueCallbackhi
 .text._Z19analogWriteCallbackhi
                0x000001a6       0x80 Sketch.o
                0x000001a6                _Z19analogWriteCallbackhi
 .text._Z20digitalWriteCallbackhi
                0x00000226      0x142 Sketch.o
                0x00000226                _Z20digitalWriteCallbackhi
 .text._Z20reportAnalogCallbackhi
                0x00000368       0x80 Sketch.o
                0x00000368                _Z20reportAnalogCallbackhi
 .text._Z11attachServohii
                0x000003e8       0x7e Sketch.o
                0x000003e8                _Z11attachServohii
 .text._Z11detachServoh
                0x00000466       0x58 Sketch.o
                0x00000466                _Z11detachServoh
 .text._Z14disableI2CPinsv
                0x000004be        0xc Sketch.o
                0x000004be                _Z14disableI2CPinsv
 .text._Z18setPinModeCallbackhi
                0x000004ca      0x248 Sketch.o
                0x000004ca                _Z18setPinModeCallbackhi
 .text._Z13enableI2CPinsv
                0x00000712       0x2c Sketch.o
                0x00000712                _Z13enableI2CPinsv
 .text._Z19systemResetCallbackv
                0x0000073e       0x8e Sketch.o
                0x0000073e                _Z19systemResetCallbackv
 .text._Z10outputPorthhh
                0x000007cc       0x3c Sketch.o
                0x000007cc                _Z10outputPorthhh
 .text._Z21reportDigitalCallbackhi
                0x00000808       0x4e Sketch.o
                0x00000808                _Z21reportDigitalCallbackhi
 .text._Z18checkDigitalInputsv
                0x00000856       0x60 Sketch.o
                0x00000856                _Z18checkDigitalInputsv
 .text.setup    0x000008b6       0x94 Sketch.o
                0x000008b6                setup
 .text.startup._GLOBAL__sub_I_analogInputsToReport
                0x0000094a       0x1e Sketch.o
 .text._Z9wireWriteh
                0x00000968        0xa Sketch.o
                0x00000968                _Z9wireWriteh
 .text._Z8wireReadv
                0x00000972        0xa Sketch.o
                0x00000972                _Z8wireReadv
 .text._Z17readAndReportDatahihh
                0x0000097c       0xe8 Sketch.o
                0x0000097c                _Z17readAndReportDatahihh
 .text._Z13sysexCallbackhhPh
                0x00000a64      0x4f8 Sketch.o
                0x00000a64                _Z13sysexCallbackhhPh
 .text.loop     0x00000f5c      0x134 Sketch.o
                0x00000f5c                loop
 .text.initVariant
                0x00001090        0x2 C:\Users\dsikar\Documents\Arduino\Knob\ArduinoSketch4\StandardFirmata\ArduinoCore\Debug\libArduinoCore.a(main.o)
                0x00001090                initVariant
 .text.startup.main
                0x00001092       0x1e C:\Users\dsikar\Documents\Arduino\Knob\ArduinoSketch4\StandardFirmata\ArduinoCore\Debug\libArduinoCore.a(main.o)
                0x00001092                main
 .text.__vector_16
                0x000010b0       0x94 C:\Users\dsikar\Documents\Arduino\Knob\ArduinoSketch4\StandardFirmata\ArduinoCore\Debug\libArduinoCore.a(wiring.o)
                0x000010b0                __vector_16
 .text.millis   0x00001144       0x18 C:\Users\dsikar\Documents\Arduino\Knob\ArduinoSketch4\StandardFirmata\ArduinoCore\Debug\libArduinoCore.a(wiring.o)
                0x00001144                millis
 .text.micros   0x0000115c       0x4a C:\Users\dsikar\Documents\Arduino\Knob\ArduinoSketch4\StandardFirmata\ArduinoCore\Debug\libArduinoCore.a(wiring.o)
                0x0000115c                micros
 .text.delay    0x000011a6       0x78 C:\Users\dsikar\Documents\Arduino\Knob\ArduinoSketch4\StandardFirmata\ArduinoCore\Debug\libArduinoCore.a(wiring.o)
                0x000011a6                delay
 .text.delayMicroseconds
                0x0000121e       0x16 C:\Users\dsikar\Documents\Arduino\Knob\ArduinoSketch4\StandardFirmata\ArduinoCore\Debug\libArduinoCore.a(wiring.o)
                0x0000121e                delayMicroseconds
 .text.init     0x00001234       0x76 C:\Users\dsikar\Documents\Arduino\Knob\ArduinoSketch4\StandardFirmata\ArduinoCore\Debug\libArduinoCore.a(wiring.o)
                0x00001234                init
 .text.analogRead
                0x000012aa       0x3a C:\Users\dsikar\Documents\Arduino\Knob\ArduinoSketch4\StandardFirmata\ArduinoCore\Debug\libArduinoCore.a(wiring_analog.o)
                0x000012aa                analogRead
 .text.analogWrite
                0x000012e4       0xbe C:\Users\dsikar\Documents\Arduino\Knob\ArduinoSketch4\StandardFirmata\ArduinoCore\Debug\libArduinoCore.a(wiring_analog.o)
                0x000012e4                analogWrite
 .text.turnOffPWM
                0x000013a2       0x52 C:\Users\dsikar\Documents\Arduino\Knob\ArduinoSketch4\StandardFirmata\ArduinoCore\Debug\libArduinoCore.a(wiring_digital.o)
 .text.pinMode  0x000013f4       0x78 C:\Users\dsikar\Documents\Arduino\Knob\ArduinoSketch4\StandardFirmata\ArduinoCore\Debug\libArduinoCore.a(wiring_digital.o)
                0x000013f4                pinMode
 .text.digitalWrite
                0x0000146c       0x60 C:\Users\dsikar\Documents\Arduino\Knob\ArduinoSketch4\StandardFirmata\ArduinoCore\Debug\libArduinoCore.a(wiring_digital.o)
                0x0000146c                digitalWrite
 .text._ZN12FirmataClass23sendValueAsTwo7bitBytesEi
                0x000014cc       0x4a C:\Users\dsikar\Documents\Arduino\Knob\ArduinoSketch4\StandardFirmata\ArduinoCore\Debug\libArduinoCore.a(Firmata.o)
                0x000014cc                _ZN12FirmataClass23sendValueAsTwo7bitBytesEi
 .text._ZN12FirmataClass10startSysexEv
                0x00001516       0x16 C:\Users\dsikar\Documents\Arduino\Knob\ArduinoSketch4\StandardFirmata\ArduinoCore\Debug\libArduinoCore.a(Firmata.o)
                0x00001516                _ZN12FirmataClass10startSysexEv
 .text._ZN12FirmataClass8endSysexEv
                0x0000152c       0x16 C:\Users\dsikar\Documents\Arduino\Knob\ArduinoSketch4\StandardFirmata\ArduinoCore\Debug\libArduinoCore.a(Firmata.o)
                0x0000152c                _ZN12FirmataClass8endSysexEv
 .text._ZN12FirmataClass12printVersionEv
                0x00001542       0x46 C:\Users\dsikar\Documents\Arduino\Knob\ArduinoSketch4\StandardFirmata\ArduinoCore\Debug\libArduinoCore.a(Firmata.o)
                0x00001542                _ZN12FirmataClass12printVersionEv
 .text._ZN12FirmataClass20printFirmwareVersionEv
                0x00001588       0x8e C:\Users\dsikar\Documents\Arduino\Knob\ArduinoSketch4\StandardFirmata\ArduinoCore\Debug\libArduinoCore.a(Firmata.o)
                0x00001588                _ZN12FirmataClass20printFirmwareVersionEv
 .text._ZN12FirmataClass25setFirmwareNameAndVersionEPKchh
                0x00001616       0xba C:\Users\dsikar\Documents\Arduino\Knob\ArduinoSketch4\StandardFirmata\ArduinoCore\Debug\libArduinoCore.a(Firmata.o)
                0x00001616                _ZN12FirmataClass25setFirmwareNameAndVersionEPKchh
 .text._ZN12FirmataClass9availableEv
                0x000016d0       0x14 C:\Users\dsikar\Documents\Arduino\Knob\ArduinoSketch4\StandardFirmata\ArduinoCore\Debug\libArduinoCore.a(Firmata.o)
                0x000016d0                _ZN12FirmataClass9availableEv
 .text._ZN12FirmataClass19processSysexMessageEv
                0x000016e4      0x104 C:\Users\dsikar\Documents\Arduino\Knob\ArduinoSketch4\StandardFirmata\ArduinoCore\Debug\libArduinoCore.a(Firmata.o)
                0x000016e4                _ZN12FirmataClass19processSysexMessageEv
 .text._ZN12FirmataClass10sendAnalogEhi
                0x000017e8       0x32 C:\Users\dsikar\Documents\Arduino\Knob\ArduinoSketch4\StandardFirmata\ArduinoCore\Debug\libArduinoCore.a(Firmata.o)
                0x000017e8                _ZN12FirmataClass10sendAnalogEhi
 .text._ZN12FirmataClass15sendDigitalPortEhi
                0x0000181a       0x62 C:\Users\dsikar\Documents\Arduino\Knob\ArduinoSketch4\StandardFirmata\ArduinoCore\Debug\libArduinoCore.a(Firmata.o)
                0x0000181a                _ZN12FirmataClass15sendDigitalPortEhi
 .text._ZN12FirmataClass9sendSysexEhhPh
                0x0000187c       0x7a C:\Users\dsikar\Documents\Arduino\Knob\ArduinoSketch4\StandardFirmata\ArduinoCore\Debug\libArduinoCore.a(Firmata.o)
                0x0000187c                _ZN12FirmataClass9sendSysexEhhPh
 .text._ZN12FirmataClass10sendStringEPKc
                0x000018f6       0x18 C:\Users\dsikar\Documents\Arduino\Knob\ArduinoSketch4\StandardFirmata\ArduinoCore\Debug\libArduinoCore.a(Firmata.o)
                0x000018f6                _ZN12FirmataClass10sendStringEPKc
 .text._ZN12FirmataClass5writeEh
                0x0000190e       0x14 C:\Users\dsikar\Documents\Arduino\Knob\ArduinoSketch4\StandardFirmata\ArduinoCore\Debug\libArduinoCore.a(Firmata.o)
                0x0000190e                _ZN12FirmataClass5writeEh
 .text._ZN12FirmataClass6attachEhPFvhiE
                0x00001922       0x50 C:\Users\dsikar\Documents\Arduino\Knob\ArduinoSketch4\StandardFirmata\ArduinoCore\Debug\libArduinoCore.a(Firmata.o)
                0x00001922                _ZN12FirmataClass6attachEhPFvhiE
 .text._ZN12FirmataClass6attachEhPFvvE
                0x00001972       0x10 C:\Users\dsikar\Documents\Arduino\Knob\ArduinoSketch4\StandardFirmata\ArduinoCore\Debug\libArduinoCore.a(Firmata.o)
                0x00001972                _ZN12FirmataClass6attachEhPFvvE
 .text._ZN12FirmataClass6attachEhPFvhhPhE
                0x00001982        0xc C:\Users\dsikar\Documents\Arduino\Knob\ArduinoSketch4\StandardFirmata\ArduinoCore\Debug\libArduinoCore.a(Firmata.o)
                0x00001982                _ZN12FirmataClass6attachEhPFvhhPhE
 .text._ZN12FirmataClass10getPinModeEh
                0x0000198e        0xe C:\Users\dsikar\Documents\Arduino\Knob\ArduinoSketch4\StandardFirmata\ArduinoCore\Debug\libArduinoCore.a(Firmata.o)
                0x0000198e                _ZN12FirmataClass10getPinModeEh
 .text._ZN12FirmataClass10setPinModeEhh
                0x0000199c       0x14 C:\Users\dsikar\Documents\Arduino\Knob\ArduinoSketch4\StandardFirmata\ArduinoCore\Debug\libArduinoCore.a(Firmata.o)
                0x0000199c                _ZN12FirmataClass10setPinModeEhh
 .text._ZN12FirmataClass11getPinStateEh
                0x000019b0       0x14 C:\Users\dsikar\Documents\Arduino\Knob\ArduinoSketch4\StandardFirmata\ArduinoCore\Debug\libArduinoCore.a(Firmata.o)
                0x000019b0                _ZN12FirmataClass11getPinStateEh
 .text._ZN12FirmataClass11setPinStateEhi
                0x000019c4       0x14 C:\Users\dsikar\Documents\Arduino\Knob\ArduinoSketch4\StandardFirmata\ArduinoCore\Debug\libArduinoCore.a(Firmata.o)
                0x000019c4                _ZN12FirmataClass11setPinStateEhi
 .text._ZN12FirmataClass11systemResetEv
                0x000019d8       0x36 C:\Users\dsikar\Documents\Arduino\Knob\ArduinoSketch4\StandardFirmata\ArduinoCore\Debug\libArduinoCore.a(Firmata.o)
                0x000019d8                _ZN12FirmataClass11systemResetEv
 .text._ZN12FirmataClassC2Ev
                0x00001a0e       0x12 C:\Users\dsikar\Documents\Arduino\Knob\ArduinoSketch4\StandardFirmata\ArduinoCore\Debug\libArduinoCore.a(Firmata.o)
                0x00001a0e                _ZN12FirmataClassC1Ev
                0x00001a0e                _ZN12FirmataClassC2Ev
 .text._ZN12FirmataClass5parseEh
                0x00001a20      0x172 C:\Users\dsikar\Documents\Arduino\Knob\ArduinoSketch4\StandardFirmata\ArduinoCore\Debug\libArduinoCore.a(Firmata.o)
                0x00001a20                _ZN12FirmataClass5parseEh
 .text._ZN12FirmataClass12processInputEv
                0x00001b92       0x32 C:\Users\dsikar\Documents\Arduino\Knob\ArduinoSketch4\StandardFirmata\ArduinoCore\Debug\libArduinoCore.a(Firmata.o)
                0x00001b92                _ZN12FirmataClass12processInputEv
 .text._ZN12FirmataClass14strobeBlinkPinEhiii
                0x00001bc4       0x7e C:\Users\dsikar\Documents\Arduino\Knob\ArduinoSketch4\StandardFirmata\ArduinoCore\Debug\libArduinoCore.a(Firmata.o)
                0x00001bc4                _ZN12FirmataClass14strobeBlinkPinEhiii
 .text._ZN12FirmataClass12blinkVersionEv
                0x00001c42       0x6c C:\Users\dsikar\Documents\Arduino\Knob\ArduinoSketch4\StandardFirmata\ArduinoCore\Debug\libArduinoCore.a(Firmata.o)
                0x00001c42                _ZN12FirmataClass12blinkVersionEv
 .text._ZN12FirmataClass5beginEl
                0x00001cae       0x2e C:\Users\dsikar\Documents\Arduino\Knob\ArduinoSketch4\StandardFirmata\ArduinoCore\Debug\libArduinoCore.a(Firmata.o)
                0x00001cae                _ZN12FirmataClass5beginEl
 .text.startup._GLOBAL__sub_I__ZN12FirmataClass23sendValueAsTwo7bitBytesEi
                0x00001cdc        0x8 C:\Users\dsikar\Documents\Arduino\Knob\ArduinoSketch4\StandardFirmata\ArduinoCore\Debug\libArduinoCore.a(Firmata.o)
 .text.__vector_11
                0x00001ce4      0x182 C:\Users\dsikar\Documents\Arduino\Knob\ArduinoSketch4\StandardFirmata\ArduinoCore\Debug\libArduinoCore.a(Servo.o)
                0x00001ce4                __vector_11
 .text._ZN5ServoC2Ev
                0x00001e66       0x38 C:\Users\dsikar\Documents\Arduino\Knob\ArduinoSketch4\StandardFirmata\ArduinoCore\Debug\libArduinoCore.a(Servo.o)
                0x00001e66                _ZN5ServoC1Ev
                0x00001e66                _ZN5ServoC2Ev
 .text._ZN5Servo6attachEiii
                0x00001e9e      0x104 C:\Users\dsikar\Documents\Arduino\Knob\ArduinoSketch4\StandardFirmata\ArduinoCore\Debug\libArduinoCore.a(Servo.o)
                0x00001e9e                _ZN5Servo6attachEiii
 .text._ZN5Servo6attachEi
                0x00001fa2        0xc C:\Users\dsikar\Documents\Arduino\Knob\ArduinoSketch4\StandardFirmata\ArduinoCore\Debug\libArduinoCore.a(Servo.o)
                0x00001fa2                _ZN5Servo6attachEi
 .text._ZN5Servo6detachEv
                0x00001fae       0x1c C:\Users\dsikar\Documents\Arduino\Knob\ArduinoSketch4\StandardFirmata\ArduinoCore\Debug\libArduinoCore.a(Servo.o)
                0x00001fae                _ZN5Servo6detachEv
 .text._ZN5Servo17writeMicrosecondsEi
                0x00001fca       0x6a C:\Users\dsikar\Documents\Arduino\Knob\ArduinoSketch4\StandardFirmata\ArduinoCore\Debug\libArduinoCore.a(Servo.o)
                0x00001fca                _ZN5Servo17writeMicrosecondsEi
 .text._ZN5Servo5writeEi
                0x00002034       0xb8 C:\Users\dsikar\Documents\Arduino\Knob\ArduinoSketch4\StandardFirmata\ArduinoCore\Debug\libArduinoCore.a(Servo.o)
                0x00002034                _ZN5Servo5writeEi
 .text._ZN5Servo8attachedEv
                0x000020ec       0x20 C:\Users\dsikar\Documents\Arduino\Knob\ArduinoSketch4\StandardFirmata\ArduinoCore\Debug\libArduinoCore.a(Servo.o)
                0x000020ec                _ZN5Servo8attachedEv
 .text._ZN7TwoWire9availableEv
                0x0000210c       0x10 C:\Users\dsikar\Documents\Arduino\Knob\ArduinoSketch4\StandardFirmata\ArduinoCore\Debug\libArduinoCore.a(Wire.o)
                0x0000210c                _ZN7TwoWire9availableEv
 .text._ZN7TwoWire4readEv
                0x0000211c       0x28 C:\Users\dsikar\Documents\Arduino\Knob\ArduinoSketch4\StandardFirmata\ArduinoCore\Debug\libArduinoCore.a(Wire.o)
                0x0000211c                _ZN7TwoWire4readEv
 .text._ZN7TwoWire4peekEv
                0x00002144       0x1e C:\Users\dsikar\Documents\Arduino\Knob\ArduinoSketch4\StandardFirmata\ArduinoCore\Debug\libArduinoCore.a(Wire.o)
                0x00002144                _ZN7TwoWire4peekEv
 .text._ZN7TwoWire5flushEv
                0x00002162        0x2 C:\Users\dsikar\Documents\Arduino\Knob\ArduinoSketch4\StandardFirmata\ArduinoCore\Debug\libArduinoCore.a(Wire.o)
                0x00002162                _ZN7TwoWire5flushEv
 .text._ZN7TwoWire5writeEPKhj
                0x00002164       0x60 C:\Users\dsikar\Documents\Arduino\Knob\ArduinoSketch4\StandardFirmata\ArduinoCore\Debug\libArduinoCore.a(Wire.o)
                0x00002164                _ZN7TwoWire5writeEPKhj
 .text._ZN7TwoWire5writeEh
                0x000021c4       0x5e C:\Users\dsikar\Documents\Arduino\Knob\ArduinoSketch4\StandardFirmata\ArduinoCore\Debug\libArduinoCore.a(Wire.o)
                0x000021c4                _ZN7TwoWire5writeEh
 .text._ZN7TwoWireC2Ev
                0x00002222       0x20 C:\Users\dsikar\Documents\Arduino\Knob\ArduinoSketch4\StandardFirmata\ArduinoCore\Debug\libArduinoCore.a(Wire.o)
                0x00002222                _ZN7TwoWireC1Ev
                0x00002222                _ZN7TwoWireC2Ev
 .text._ZN7TwoWire5beginEv
                0x00002242       0x14 C:\Users\dsikar\Documents\Arduino\Knob\ArduinoSketch4\StandardFirmata\ArduinoCore\Debug\libArduinoCore.a(Wire.o)
                0x00002242                _ZN7TwoWire5beginEv
 .text._ZN7TwoWire17beginTransmissionEh
                0x00002256       0x14 C:\Users\dsikar\Documents\Arduino\Knob\ArduinoSketch4\StandardFirmata\ArduinoCore\Debug\libArduinoCore.a(Wire.o)
                0x00002256                _ZN7TwoWire17beginTransmissionEh
 .text._ZN7TwoWire15endTransmissionEh
                0x0000226a       0x26 C:\Users\dsikar\Documents\Arduino\Knob\ArduinoSketch4\StandardFirmata\ArduinoCore\Debug\libArduinoCore.a(Wire.o)
                0x0000226a                _ZN7TwoWire15endTransmissionEh
 .text._ZN7TwoWire11requestFromEhhmhh
                0x00002290       0xa8 C:\Users\dsikar\Documents\Arduino\Knob\ArduinoSketch4\StandardFirmata\ArduinoCore\Debug\libArduinoCore.a(Wire.o)
                0x00002290                _ZN7TwoWire11requestFromEhhmhh
 .text._ZN7TwoWire11requestFromEhhh
                0x00002338       0x20 C:\Users\dsikar\Documents\Arduino\Knob\ArduinoSketch4\StandardFirmata\ArduinoCore\Debug\libArduinoCore.a(Wire.o)
                0x00002338                _ZN7TwoWire11requestFromEhhh
 .text._ZN7TwoWire11requestFromEhh
                0x00002358        0x6 C:\Users\dsikar\Documents\Arduino\Knob\ArduinoSketch4\StandardFirmata\ArduinoCore\Debug\libArduinoCore.a(Wire.o)
                0x00002358                _ZN7TwoWire11requestFromEhh
 .text._ZN7TwoWire15endTransmissionEv
                0x0000235e        0x6 C:\Users\dsikar\Documents\Arduino\Knob\ArduinoSketch4\StandardFirmata\ArduinoCore\Debug\libArduinoCore.a(Wire.o)
                0x0000235e                _ZN7TwoWire15endTransmissionEv
 .text.startup._GLOBAL__sub_I__ZN7TwoWire8rxBufferE
                0x00002364        0x8 C:\Users\dsikar\Documents\Arduino\Knob\ArduinoSketch4\StandardFirmata\ArduinoCore\Debug\libArduinoCore.a(Wire.o)
 .text._ZN14HardwareSerial9availableEv
                0x0000236c       0x18 C:\Users\dsikar\Documents\Arduino\Knob\ArduinoSketch4\StandardFirmata\ArduinoCore\Debug\libArduinoCore.a(HardwareSerial.o)
                0x0000236c                _ZN14HardwareSerial9availableEv
 .text._ZN14HardwareSerial4peekEv
                0x00002384       0x1c C:\Users\dsikar\Documents\Arduino\Knob\ArduinoSketch4\StandardFirmata\ArduinoCore\Debug\libArduinoCore.a(HardwareSerial.o)
                0x00002384                _ZN14HardwareSerial4peekEv
 .text._ZN14HardwareSerial4readEv
                0x000023a0       0x28 C:\Users\dsikar\Documents\Arduino\Knob\ArduinoSketch4\StandardFirmata\ArduinoCore\Debug\libArduinoCore.a(HardwareSerial.o)
                0x000023a0                _ZN14HardwareSerial4readEv
 .text._Z14serialEventRunv
                0x000023c8       0x1c C:\Users\dsikar\Documents\Arduino\Knob\ArduinoSketch4\StandardFirmata\ArduinoCore\Debug\libArduinoCore.a(HardwareSerial.o)
                0x000023c8                _Z14serialEventRunv
 .text._ZN14HardwareSerial17_tx_udr_empty_irqEv
                0x000023e4       0x42 C:\Users\dsikar\Documents\Arduino\Knob\ArduinoSketch4\StandardFirmata\ArduinoCore\Debug\libArduinoCore.a(HardwareSerial.o)
                0x000023e4                _ZN14HardwareSerial17_tx_udr_empty_irqEv
 .text._ZN14HardwareSerial5flushEv
                0x00002426       0x44 C:\Users\dsikar\Documents\Arduino\Knob\ArduinoSketch4\StandardFirmata\ArduinoCore\Debug\libArduinoCore.a(HardwareSerial.o)
                0x00002426                _ZN14HardwareSerial5flushEv
 .text._ZN14HardwareSerial5writeEh
                0x0000246a       0x8e C:\Users\dsikar\Documents\Arduino\Knob\ArduinoSketch4\StandardFirmata\ArduinoCore\Debug\libArduinoCore.a(HardwareSerial.o)
                0x0000246a                _ZN14HardwareSerial5writeEh
 .text._ZN14HardwareSerial5beginEmh
                0x000024f8       0xca C:\Users\dsikar\Documents\Arduino\Knob\ArduinoSketch4\StandardFirmata\ArduinoCore\Debug\libArduinoCore.a(HardwareSerial.o)
                0x000024f8                _ZN14HardwareSerial5beginEmh
 .text.__vector_18
                0x000025c2       0x64 C:\Users\dsikar\Documents\Arduino\Knob\ArduinoSketch4\StandardFirmata\ArduinoCore\Debug\libArduinoCore.a(HardwareSerial0.o)
                0x000025c2                __vector_18
 .text.__vector_19
                0x00002626       0x4c C:\Users\dsikar\Documents\Arduino\Knob\ArduinoSketch4\StandardFirmata\ArduinoCore\Debug\libArduinoCore.a(HardwareSerial0.o)
                0x00002626                __vector_19
 .text._Z17Serial0_availablev
                0x00002672       0x14 C:\Users\dsikar\Documents\Arduino\Knob\ArduinoSketch4\StandardFirmata\ArduinoCore\Debug\libArduinoCore.a(HardwareSerial0.o)
                0x00002672                _Z17Serial0_availablev
 .text.startup._GLOBAL__sub_I___vector_18
                0x00002686       0x5a C:\Users\dsikar\Documents\Arduino\Knob\ArduinoSketch4\StandardFirmata\ArduinoCore\Debug\libArduinoCore.a(HardwareSerial0.o)
 .text.__empty  0x000026e0        0x2 C:\Users\dsikar\Documents\Arduino\Knob\ArduinoSketch4\StandardFirmata\ArduinoCore\Debug\libArduinoCore.a(hooks.o)
                0x000026e0                yield
 .text._ZN5Print5writeEPKhj
                0x000026e2       0x56 C:\Users\dsikar\Documents\Arduino\Knob\ArduinoSketch4\StandardFirmata\ArduinoCore\Debug\libArduinoCore.a(Print.o)
                0x000026e2                _ZN5Print5writeEPKhj
 .text._Z3maplllll
                0x00002738       0x82 C:\Users\dsikar\Documents\Arduino\Knob\ArduinoSketch4\StandardFirmata\ArduinoCore\Debug\libArduinoCore.a(WMath.o)
                0x00002738                _Z3maplllll
 .text.twi_init
                0x000027ba       0x3c C:\Users\dsikar\Documents\Arduino\Knob\ArduinoSketch4\StandardFirmata\ArduinoCore\Debug\libArduinoCore.a(twi.o)
                0x000027ba                twi_init
 .text.twi_readFrom
                0x000027f6       0x90 C:\Users\dsikar\Documents\Arduino\Knob\ArduinoSketch4\StandardFirmata\ArduinoCore\Debug\libArduinoCore.a(twi.o)
                0x000027f6                twi_readFrom
 .text.twi_writeTo
                0x00002886       0xac C:\Users\dsikar\Documents\Arduino\Knob\ArduinoSketch4\StandardFirmata\ArduinoCore\Debug\libArduinoCore.a(twi.o)
                0x00002886                twi_writeTo
 .text.twi_transmit
                0x00002932       0x50 C:\Users\dsikar\Documents\Arduino\Knob\ArduinoSketch4\StandardFirmata\ArduinoCore\Debug\libArduinoCore.a(twi.o)
                0x00002932                twi_transmit
 .text.twi_stop
                0x00002982       0x14 C:\Users\dsikar\Documents\Arduino\Knob\ArduinoSketch4\StandardFirmata\ArduinoCore\Debug\libArduinoCore.a(twi.o)
                0x00002982                twi_stop
 .text.twi_releaseBus
                0x00002996        0xc C:\Users\dsikar\Documents\Arduino\Knob\ArduinoSketch4\StandardFirmata\ArduinoCore\Debug\libArduinoCore.a(twi.o)
                0x00002996                twi_releaseBus
 .text.__vector_24
                0x000029a2      0x25a C:\Users\dsikar\Documents\Arduino\Knob\ArduinoSketch4\StandardFirmata\ArduinoCore\Debug\libArduinoCore.a(twi.o)
                0x000029a2                __vector_24
 .text.libgcc.mul
                0x00002bfc       0x20 c:/program files (x86)/atmel/studio/7.0/toolchain/avr8/avr8-gnu-toolchain/bin/../lib/gcc/avr/4.9.2/avr5\libgcc.a(_mulsi3.o)
                0x00002bfc                __mulsi3
 .text.libgcc.div
                0x00002c1c       0x18 c:/program files (x86)/atmel/studio/7.0/toolchain/avr8/avr8-gnu-toolchain/bin/../lib/gcc/avr/4.9.2/avr5\libgcc.a(_udivmodqi4.o)
                0x00002c1c                __udivmodqi4
 .text.libgcc.div
                0x00002c34       0x44 c:/program files (x86)/atmel/studio/7.0/toolchain/avr8/avr8-gnu-toolchain/bin/../lib/gcc/avr/4.9.2/avr5\libgcc.a(_udivmodsi4.o)
                0x00002c34                __udivmodsi4
 .text.libgcc.div
                0x00002c78       0x2e c:/program files (x86)/atmel/studio/7.0/toolchain/avr8/avr8-gnu-toolchain/bin/../lib/gcc/avr/4.9.2/avr5\libgcc.a(_divmodsi4.o)
                0x00002c78                __divmodsi4
 .text.libgcc.div
                0x00002ca6       0x10 c:/program files (x86)/atmel/studio/7.0/toolchain/avr8/avr8-gnu-toolchain/bin/../lib/gcc/avr/4.9.2/avr5\libgcc.a(_negsi2.o)
                0x00002ca6                __negsi2
 .text.libgcc   0x00002cb6        0xc c:/program files (x86)/atmel/studio/7.0/toolchain/avr8/avr8-gnu-toolchain/bin/../lib/gcc/avr/4.9.2/avr5\libgcc.a(_tablejump2.o)
                0x00002cb6                __tablejump2__
 .text.libgcc.mul
                0x00002cc2       0x16 c:/program files (x86)/atmel/studio/7.0/toolchain/avr8/avr8-gnu-toolchain/bin/../lib/gcc/avr/4.9.2/avr5\libgcc.a(_muluhisi3.o)
                0x00002cc2                __muluhisi3
 .text.libgcc.mul
                0x00002cd8       0x1e c:/program files (x86)/atmel/studio/7.0/toolchain/avr8/avr8-gnu-toolchain/bin/../lib/gcc/avr/4.9.2/avr5\libgcc.a(_umulhisi3.o)
                0x00002cd8                __umulhisi3
 .text.avr-libc
                0x00002cf6      0x25a c:/program files (x86)/atmel/studio/7.0/toolchain/avr8/avr8-gnu-toolchain/bin/../lib/gcc/avr/4.9.2/../../../../avr/lib/avr5\libc.a(malloc.o)
                0x00002cf6                malloc
                0x00002e20                free
 .text.avr-libc
                0x00002f50       0x1e c:/program files (x86)/atmel/studio/7.0/toolchain/avr8/avr8-gnu-toolchain/bin/../lib/gcc/avr/4.9.2/../../../../avr/lib/avr5\libc.a(strncpy.o)
                0x00002f50                strncpy
 .text.avr-libc
                0x00002f6e       0x16 c:/program files (x86)/atmel/studio/7.0/toolchain/avr8/avr8-gnu-toolchain/bin/../lib/gcc/avr/4.9.2/../../../../avr/lib/avr5\libc.a(strrchr.o)
                0x00002f6e                strrchr
 .text.avr-libc
                0x00002f84       0x34 c:/program files (x86)/atmel/studio/7.0/toolchain/avr8/avr8-gnu-toolchain/bin/../lib/gcc/avr/4.9.2/../../../../avr/lib/avr5\libc.a(strstr.o)
                0x00002f84                strstr
                0x00002fb8                . = ALIGN (0x2)
 *(.fini9)
 .fini9         0x00002fb8        0x0 c:/program files (x86)/atmel/studio/7.0/toolchain/avr8/avr8-gnu-toolchain/bin/../lib/gcc/avr/4.9.2/avr5\libgcc.a(_exit.o)
                0x00002fb8                _exit
                0x00002fb8                exit
 *(.fini9)
 *(.fini8)
 *(.fini8)
 *(.fini7)
 *(.fini7)
 *(.fini6)
 *(.fini6)
 *(.fini5)
 *(.fini5)
 *(.fini4)
 *(.fini4)
 *(.fini3)
 *(.fini3)
 *(.fini2)
 *(.fini2)
 *(.fini1)
 *(.fini1)
 *(.fini0)
 .fini0         0x00002fb8        0x4 c:/program files (x86)/atmel/studio/7.0/toolchain/avr8/avr8-gnu-toolchain/bin/../lib/gcc/avr/4.9.2/avr5\libgcc.a(_exit.o)
 *(.fini0)
                0x00002fbc                _etext = .

.data           0x00800100       0xca load address 0x00002fbc
                0x00800100                PROVIDE (__data_start, .)
 *(.data)
 .data          0x00800100        0x6 c:/program files (x86)/atmel/studio/7.0/toolchain/avr8/avr8-gnu-toolchain/bin/../lib/gcc/avr/4.9.2/../../../../avr/lib/avr5\libc.a(malloc.o)
                0x00800100                __malloc_heap_end
                0x00800102                __malloc_heap_start
                0x00800104                __malloc_margin
 *(.data*)
 .data.queryIndex
                0x00800106        0x1 Sketch.o
                0x00800106                queryIndex
 .data.samplingInterval
                0x00800107        0x2 Sketch.o
                0x00800107                samplingInterval
 .data.analog_reference
                0x00800109        0x1 C:\Users\dsikar\Documents\Arduino\Knob\ArduinoSketch4\StandardFirmata\ArduinoCore\Debug\libArduinoCore.a(wiring_analog.o)
                0x00800109                analog_reference
 *(.rodata)
 *(.rodata*)
 .rodata.str1.1
                0x0080010a       0x9f Sketch.o
 .rodata.str1.1
                0x008001a9       0x9f C:\Users\dsikar\Documents\Arduino\Knob\ArduinoSketch4\StandardFirmata\ArduinoCore\Debug\libArduinoCore.a(Firmata.o)
                                  0x5 (size before relaxing)
 .rodata._ZTV7TwoWire
                0x008001a9       0x10 C:\Users\dsikar\Documents\Arduino\Knob\ArduinoSketch4\StandardFirmata\ArduinoCore\Debug\libArduinoCore.a(Wire.o)
                0x008001a9                _ZTV7TwoWire
 .rodata._ZTV14HardwareSerial
                0x008001b9       0x10 C:\Users\dsikar\Documents\Arduino\Knob\ArduinoSketch4\StandardFirmata\ArduinoCore\Debug\libArduinoCore.a(HardwareSerial.o)
                0x008001b9                _ZTV14HardwareSerial
 *(.gnu.linkonce.d*)
                0x00800248                . = ALIGN (0x2)
 *fill*         0x008001c9        0x1 
                0x008001ca                _edata = .
                0x008001ca                PROVIDE (__data_end, .)

.bss            0x008001ca      0x2ef
                0x008001ca                PROVIDE (__bss_start, .)
 *(.bss)
 *(.bss*)
 .bss.isResetting
                0x008001ca        0x1 Sketch.o
                0x008001ca                isResetting
 .bss.servoCount
                0x008001cb        0x1 Sketch.o
                0x008001cb                servoCount
 .bss.detachedServoCount
                0x008001cc        0x1 Sketch.o
                0x008001cc                detachedServoCount
 .bss.detachedServos
                0x008001cd        0xc Sketch.o
                0x008001cd                detachedServos
 .bss.servoPinMap
                0x008001d9       0x14 Sketch.o
                0x008001d9                servoPinMap
 .bss.servos    0x008001ed       0x24 Sketch.o
                0x008001ed                servos
 .bss.i2cReadDelayTime
                0x00800211        0x2 Sketch.o
                0x00800211                i2cReadDelayTime
 .bss.isI2CEnabled
                0x00800213        0x1 Sketch.o
                0x00800213                isI2CEnabled
 .bss.i2cRxData
                0x00800214       0x40 Sketch.o
                0x00800214                i2cRxData
 .bss.query     0x00800254       0x28 Sketch.o
                0x00800254                query
 .bss.previousMillis
                0x0080027c        0x4 Sketch.o
                0x0080027c                previousMillis
 .bss.currentMillis
                0x00800280        0x4 Sketch.o
                0x00800280                currentMillis
 .bss.portConfigInputs
                0x00800284        0x3 Sketch.o
                0x00800284                portConfigInputs
 .bss.previousPINs
                0x00800287        0x3 Sketch.o
                0x00800287                previousPINs
 .bss.reportPINs
                0x0080028a        0x3 Sketch.o
                0x0080028a                reportPINs
 .bss.analogInputsToReport
                0x0080028d        0x2 Sketch.o
                0x0080028d                analogInputsToReport
 .bss.timer0_fract
                0x0080028f        0x1 C:\Users\dsikar\Documents\Arduino\Knob\ArduinoSketch4\StandardFirmata\ArduinoCore\Debug\libArduinoCore.a(wiring.o)
 .bss.timer0_millis
                0x00800290        0x4 C:\Users\dsikar\Documents\Arduino\Knob\ArduinoSketch4\StandardFirmata\ArduinoCore\Debug\libArduinoCore.a(wiring.o)
                0x00800290                timer0_millis
 .bss.timer0_overflow_count
                0x00800294        0x4 C:\Users\dsikar\Documents\Arduino\Knob\ArduinoSketch4\StandardFirmata\ArduinoCore\Debug\libArduinoCore.a(wiring.o)
                0x00800294                timer0_overflow_count
 .bss.Firmata   0x00800298       0x9a C:\Users\dsikar\Documents\Arduino\Knob\ArduinoSketch4\StandardFirmata\ArduinoCore\Debug\libArduinoCore.a(Firmata.o)
                0x00800298                Firmata
 .bss.ServoCount
                0x00800332        0x1 C:\Users\dsikar\Documents\Arduino\Knob\ArduinoSketch4\StandardFirmata\ArduinoCore\Debug\libArduinoCore.a(Servo.o)
                0x00800332                ServoCount
 .bss._ZL7Channel
                0x00800333        0x1 C:\Users\dsikar\Documents\Arduino\Knob\ArduinoSketch4\StandardFirmata\ArduinoCore\Debug\libArduinoCore.a(Servo.o)
 .bss._ZL6servos
                0x00800334       0x24 C:\Users\dsikar\Documents\Arduino\Knob\ArduinoSketch4\StandardFirmata\ArduinoCore\Debug\libArduinoCore.a(Servo.o)
 .bss.Wire      0x00800358        0xc C:\Users\dsikar\Documents\Arduino\Knob\ArduinoSketch4\StandardFirmata\ArduinoCore\Debug\libArduinoCore.a(Wire.o)
                0x00800358                Wire
 .bss._ZN7TwoWire12transmittingE
                0x00800364        0x1 C:\Users\dsikar\Documents\Arduino\Knob\ArduinoSketch4\StandardFirmata\ArduinoCore\Debug\libArduinoCore.a(Wire.o)
                0x00800364                _ZN7TwoWire12transmittingE
 .bss._ZN7TwoWire14txBufferLengthE
                0x00800365        0x1 C:\Users\dsikar\Documents\Arduino\Knob\ArduinoSketch4\StandardFirmata\ArduinoCore\Debug\libArduinoCore.a(Wire.o)
                0x00800365                _ZN7TwoWire14txBufferLengthE
 .bss._ZN7TwoWire13txBufferIndexE
                0x00800366        0x1 C:\Users\dsikar\Documents\Arduino\Knob\ArduinoSketch4\StandardFirmata\ArduinoCore\Debug\libArduinoCore.a(Wire.o)
                0x00800366                _ZN7TwoWire13txBufferIndexE
 .bss._ZN7TwoWire8txBufferE
                0x00800367       0x20 C:\Users\dsikar\Documents\Arduino\Knob\ArduinoSketch4\StandardFirmata\ArduinoCore\Debug\libArduinoCore.a(Wire.o)
                0x00800367                _ZN7TwoWire8txBufferE
 .bss._ZN7TwoWire9txAddressE
                0x00800387        0x1 C:\Users\dsikar\Documents\Arduino\Knob\ArduinoSketch4\StandardFirmata\ArduinoCore\Debug\libArduinoCore.a(Wire.o)
                0x00800387                _ZN7TwoWire9txAddressE
 .bss._ZN7TwoWire14rxBufferLengthE
                0x00800388        0x1 C:\Users\dsikar\Documents\Arduino\Knob\ArduinoSketch4\StandardFirmata\ArduinoCore\Debug\libArduinoCore.a(Wire.o)
                0x00800388                _ZN7TwoWire14rxBufferLengthE
 .bss._ZN7TwoWire13rxBufferIndexE
                0x00800389        0x1 C:\Users\dsikar\Documents\Arduino\Knob\ArduinoSketch4\StandardFirmata\ArduinoCore\Debug\libArduinoCore.a(Wire.o)
                0x00800389                _ZN7TwoWire13rxBufferIndexE
 .bss._ZN7TwoWire8rxBufferE
                0x0080038a       0x20 C:\Users\dsikar\Documents\Arduino\Knob\ArduinoSketch4\StandardFirmata\ArduinoCore\Debug\libArduinoCore.a(Wire.o)
                0x0080038a                _ZN7TwoWire8rxBufferE
 .bss.Serial    0x008003aa       0x9d C:\Users\dsikar\Documents\Arduino\Knob\ArduinoSketch4\StandardFirmata\ArduinoCore\Debug\libArduinoCore.a(HardwareSerial0.o)
                0x008003aa                Serial
 .bss.twi_error
                0x00800447        0x1 C:\Users\dsikar\Documents\Arduino\Knob\ArduinoSketch4\StandardFirmata\ArduinoCore\Debug\libArduinoCore.a(twi.o)
 .bss.twi_rxBufferIndex
                0x00800448        0x1 C:\Users\dsikar\Documents\Arduino\Knob\ArduinoSketch4\StandardFirmata\ArduinoCore\Debug\libArduinoCore.a(twi.o)
 .bss.twi_rxBuffer
                0x00800449       0x20 C:\Users\dsikar\Documents\Arduino\Knob\ArduinoSketch4\StandardFirmata\ArduinoCore\Debug\libArduinoCore.a(twi.o)
 .bss.twi_txBufferLength
                0x00800469        0x1 C:\Users\dsikar\Documents\Arduino\Knob\ArduinoSketch4\StandardFirmata\ArduinoCore\Debug\libArduinoCore.a(twi.o)
 .bss.twi_txBufferIndex
                0x0080046a        0x1 C:\Users\dsikar\Documents\Arduino\Knob\ArduinoSketch4\StandardFirmata\ArduinoCore\Debug\libArduinoCore.a(twi.o)
 .bss.twi_txBuffer
                0x0080046b       0x20 C:\Users\dsikar\Documents\Arduino\Knob\ArduinoSketch4\StandardFirmata\ArduinoCore\Debug\libArduinoCore.a(twi.o)
 .bss.twi_masterBufferLength
                0x0080048b        0x1 C:\Users\dsikar\Documents\Arduino\Knob\ArduinoSketch4\StandardFirmata\ArduinoCore\Debug\libArduinoCore.a(twi.o)
 .bss.twi_masterBufferIndex
                0x0080048c        0x1 C:\Users\dsikar\Documents\Arduino\Knob\ArduinoSketch4\StandardFirmata\ArduinoCore\Debug\libArduinoCore.a(twi.o)
 .bss.twi_masterBuffer
                0x0080048d       0x20 C:\Users\dsikar\Documents\Arduino\Knob\ArduinoSketch4\StandardFirmata\ArduinoCore\Debug\libArduinoCore.a(twi.o)
 .bss.twi_onSlaveReceive
                0x008004ad        0x2 C:\Users\dsikar\Documents\Arduino\Knob\ArduinoSketch4\StandardFirmata\ArduinoCore\Debug\libArduinoCore.a(twi.o)
 .bss.twi_onSlaveTransmit
                0x008004af        0x2 C:\Users\dsikar\Documents\Arduino\Knob\ArduinoSketch4\StandardFirmata\ArduinoCore\Debug\libArduinoCore.a(twi.o)
 .bss.twi_inRepStart
                0x008004b1        0x1 C:\Users\dsikar\Documents\Arduino\Knob\ArduinoSketch4\StandardFirmata\ArduinoCore\Debug\libArduinoCore.a(twi.o)
 .bss.twi_sendStop
                0x008004b2        0x1 C:\Users\dsikar\Documents\Arduino\Knob\ArduinoSketch4\StandardFirmata\ArduinoCore\Debug\libArduinoCore.a(twi.o)
 .bss.twi_slarw
                0x008004b3        0x1 C:\Users\dsikar\Documents\Arduino\Knob\ArduinoSketch4\StandardFirmata\ArduinoCore\Debug\libArduinoCore.a(twi.o)
 .bss.twi_state
                0x008004b4        0x1 C:\Users\dsikar\Documents\Arduino\Knob\ArduinoSketch4\StandardFirmata\ArduinoCore\Debug\libArduinoCore.a(twi.o)
 *(COMMON)
 COMMON         0x008004b5        0x4 c:/program files (x86)/atmel/studio/7.0/toolchain/avr8/avr8-gnu-toolchain/bin/../lib/gcc/avr/4.9.2/../../../../avr/lib/avr5\libc.a(malloc.o)
                0x008004b5                __brkval
                0x008004b7                __flp
                0x008004b9                PROVIDE (__bss_end, .)
                0x00002fbc                __data_load_start = LOADADDR (.data)
                0x00003086                __data_load_end = (__data_load_start + SIZEOF (.data))

.noinit         0x008004b9        0x0
                [!provide]                PROVIDE (__noinit_start, .)
 *(.noinit*)
                [!provide]                PROVIDE (__noinit_end, .)
                0x008004b9                _end = .
                0x008004b9                PROVIDE (__heap_start, .)

.eeprom         0x00810000        0x0
 *(.eeprom*)
                0x00810000                __eeprom_end = .

.fuse
 *(.fuse)
 *(.lfuse)
 *(.hfuse)
 *(.efuse)

.lock
 *(.lock*)

.signature
 *(.signature*)

.user_signatures
 *(.user_signatures*)

.stab
 *(.stab)

.stabstr
 *(.stabstr)

.stab.excl
 *(.stab.excl)

.stab.exclstr
 *(.stab.exclstr)

.stab.index
 *(.stab.index)

.stab.indexstr
 *(.stab.indexstr)

.comment        0x00000000       0x30
 *(.comment)
 .comment       0x00000000       0x30 Sketch.o
                                 0x31 (size before relaxing)
 .comment       0x00000030       0x31 C:\Users\dsikar\Documents\Arduino\Knob\ArduinoSketch4\StandardFirmata\ArduinoCore\Debug\libArduinoCore.a(main.o)
 .comment       0x00000030       0x31 C:\Users\dsikar\Documents\Arduino\Knob\ArduinoSketch4\StandardFirmata\ArduinoCore\Debug\libArduinoCore.a(wiring.o)
 .comment       0x00000030       0x31 C:\Users\dsikar\Documents\Arduino\Knob\ArduinoSketch4\StandardFirmata\ArduinoCore\Debug\libArduinoCore.a(wiring_analog.o)
 .comment       0x00000030       0x31 C:\Users\dsikar\Documents\Arduino\Knob\ArduinoSketch4\StandardFirmata\ArduinoCore\Debug\libArduinoCore.a(wiring_digital.o)
 .comment       0x00000030       0x31 C:\Users\dsikar\Documents\Arduino\Knob\ArduinoSketch4\StandardFirmata\ArduinoCore\Debug\libArduinoCore.a(Firmata.o)
 .comment       0x00000030       0x31 C:\Users\dsikar\Documents\Arduino\Knob\ArduinoSketch4\StandardFirmata\ArduinoCore\Debug\libArduinoCore.a(Servo.o)
 .comment       0x00000030       0x31 C:\Users\dsikar\Documents\Arduino\Knob\ArduinoSketch4\StandardFirmata\ArduinoCore\Debug\libArduinoCore.a(Wire.o)
 .comment       0x00000030       0x31 C:\Users\dsikar\Documents\Arduino\Knob\ArduinoSketch4\StandardFirmata\ArduinoCore\Debug\libArduinoCore.a(HardwareSerial.o)
 .comment       0x00000030       0x31 C:\Users\dsikar\Documents\Arduino\Knob\ArduinoSketch4\StandardFirmata\ArduinoCore\Debug\libArduinoCore.a(HardwareSerial0.o)
 .comment       0x00000030       0x31 C:\Users\dsikar\Documents\Arduino\Knob\ArduinoSketch4\StandardFirmata\ArduinoCore\Debug\libArduinoCore.a(hooks.o)
 .comment       0x00000030       0x31 C:\Users\dsikar\Documents\Arduino\Knob\ArduinoSketch4\StandardFirmata\ArduinoCore\Debug\libArduinoCore.a(Print.o)
 .comment       0x00000030       0x31 C:\Users\dsikar\Documents\Arduino\Knob\ArduinoSketch4\StandardFirmata\ArduinoCore\Debug\libArduinoCore.a(WMath.o)
 .comment       0x00000030       0x31 C:\Users\dsikar\Documents\Arduino\Knob\ArduinoSketch4\StandardFirmata\ArduinoCore\Debug\libArduinoCore.a(twi.o)
 .comment       0x00000030       0x31 c:/program files (x86)/atmel/studio/7.0/toolchain/avr8/avr8-gnu-toolchain/bin/../lib/gcc/avr/4.9.2/../../../../avr/lib/avr5\libc.a(malloc.o)

.note.gnu.avr.deviceinfo
                0x00000000       0x40
 .note.gnu.avr.deviceinfo
                0x00000000       0x40 C:/Program Files (x86)/Atmel/Studio/7.0/Packs/atmel/ATmega_DFP/1.0.106/gcc/dev/atmega328p/avr5/crtatmega328p.o

.note.gnu.build-id
 *(.note.gnu.build-id)

.debug
 *(.debug)

.line
 *(.line)

.debug_srcinfo
 *(.debug_srcinfo)

.debug_sfnames
 *(.debug_sfnames)

.debug_aranges  0x00000000      0x6a0
 *(.debug_aranges)
 .debug_aranges
                0x00000000       0xb8 Sketch.o
 .debug_aranges
                0x000000b8       0x38 C:\Users\dsikar\Documents\Arduino\Knob\ArduinoSketch4\StandardFirmata\ArduinoCore\Debug\libArduinoCore.a(main.o)
 .debug_aranges
                0x000000f0       0x48 C:\Users\dsikar\Documents\Arduino\Knob\ArduinoSketch4\StandardFirmata\ArduinoCore\Debug\libArduinoCore.a(wiring.o)
 .debug_aranges
                0x00000138       0x30 C:\Users\dsikar\Documents\Arduino\Knob\ArduinoSketch4\StandardFirmata\ArduinoCore\Debug\libArduinoCore.a(wiring_analog.o)
 .debug_aranges
                0x00000168       0x38 C:\Users\dsikar\Documents\Arduino\Knob\ArduinoSketch4\StandardFirmata\ArduinoCore\Debug\libArduinoCore.a(wiring_digital.o)
 .debug_aranges
                0x000001a0      0x138 C:\Users\dsikar\Documents\Arduino\Knob\ArduinoSketch4\StandardFirmata\ArduinoCore\Debug\libArduinoCore.a(Firmata.o)
 .debug_aranges
                0x000002d8       0x68 C:\Users\dsikar\Documents\Arduino\Knob\ArduinoSketch4\StandardFirmata\ArduinoCore\Debug\libArduinoCore.a(Servo.o)
 .debug_aranges
                0x00000340       0xe8 C:\Users\dsikar\Documents\Arduino\Knob\ArduinoSketch4\StandardFirmata\ArduinoCore\Debug\libArduinoCore.a(Wire.o)
 .debug_aranges
                0x00000428       0x68 C:\Users\dsikar\Documents\Arduino\Knob\ArduinoSketch4\StandardFirmata\ArduinoCore\Debug\libArduinoCore.a(HardwareSerial.o)
 .debug_aranges
                0x00000490       0x38 C:\Users\dsikar\Documents\Arduino\Knob\ArduinoSketch4\StandardFirmata\ArduinoCore\Debug\libArduinoCore.a(HardwareSerial0.o)
 .debug_aranges
                0x000004c8       0x20 C:\Users\dsikar\Documents\Arduino\Knob\ArduinoSketch4\StandardFirmata\ArduinoCore\Debug\libArduinoCore.a(hooks.o)
 .debug_aranges
                0x000004e8       0xf0 C:\Users\dsikar\Documents\Arduino\Knob\ArduinoSketch4\StandardFirmata\ArduinoCore\Debug\libArduinoCore.a(Print.o)
 .debug_aranges
                0x000005d8       0x48 C:\Users\dsikar\Documents\Arduino\Knob\ArduinoSketch4\StandardFirmata\ArduinoCore\Debug\libArduinoCore.a(WMath.o)
 .debug_aranges
                0x00000620       0x80 C:\Users\dsikar\Documents\Arduino\Knob\ArduinoSketch4\StandardFirmata\ArduinoCore\Debug\libArduinoCore.a(twi.o)

.debug_pubnames
 *(.debug_pubnames)

.debug_info     0x00000000    0x10f1d
 *(.debug_info .gnu.linkonce.wi.*)
 .debug_info    0x00000000     0x3743 Sketch.o
 .debug_info    0x00003743      0x231 C:\Users\dsikar\Documents\Arduino\Knob\ArduinoSketch4\StandardFirmata\ArduinoCore\Debug\libArduinoCore.a(main.o)
 .debug_info    0x00003974      0x2c8 C:\Users\dsikar\Documents\Arduino\Knob\ArduinoSketch4\StandardFirmata\ArduinoCore\Debug\libArduinoCore.a(wiring.o)
 .debug_info    0x00003c3c      0x281 C:\Users\dsikar\Documents\Arduino\Knob\ArduinoSketch4\StandardFirmata\ArduinoCore\Debug\libArduinoCore.a(wiring_analog.o)
 .debug_info    0x00003ebd      0x5f9 C:\Users\dsikar\Documents\Arduino\Knob\ArduinoSketch4\StandardFirmata\ArduinoCore\Debug\libArduinoCore.a(wiring_digital.o)
 .debug_info    0x000044b6     0x2f2e C:\Users\dsikar\Documents\Arduino\Knob\ArduinoSketch4\StandardFirmata\ArduinoCore\Debug\libArduinoCore.a(Firmata.o)
 .debug_info    0x000073e4      0x8f9 C:\Users\dsikar\Documents\Arduino\Knob\ArduinoSketch4\StandardFirmata\ArduinoCore\Debug\libArduinoCore.a(Servo.o)
 .debug_info    0x00007cdd     0x2743 C:\Users\dsikar\Documents\Arduino\Knob\ArduinoSketch4\StandardFirmata\ArduinoCore\Debug\libArduinoCore.a(Wire.o)
 .debug_info    0x0000a420     0x1e51 C:\Users\dsikar\Documents\Arduino\Knob\ArduinoSketch4\StandardFirmata\ArduinoCore\Debug\libArduinoCore.a(HardwareSerial.o)
 .debug_info    0x0000c271     0x1a4a C:\Users\dsikar\Documents\Arduino\Knob\ArduinoSketch4\StandardFirmata\ArduinoCore\Debug\libArduinoCore.a(HardwareSerial0.o)
 .debug_info    0x0000dcbb       0x3e C:\Users\dsikar\Documents\Arduino\Knob\ArduinoSketch4\StandardFirmata\ArduinoCore\Debug\libArduinoCore.a(hooks.o)
 .debug_info    0x0000dcf9     0x29db C:\Users\dsikar\Documents\Arduino\Knob\ArduinoSketch4\StandardFirmata\ArduinoCore\Debug\libArduinoCore.a(Print.o)
 .debug_info    0x000106d4      0x240 C:\Users\dsikar\Documents\Arduino\Knob\ArduinoSketch4\StandardFirmata\ArduinoCore\Debug\libArduinoCore.a(WMath.o)
 .debug_info    0x00010914      0x609 C:\Users\dsikar\Documents\Arduino\Knob\ArduinoSketch4\StandardFirmata\ArduinoCore\Debug\libArduinoCore.a(twi.o)

.debug_abbrev   0x00000000     0x2bbe
 *(.debug_abbrev)
 .debug_abbrev  0x00000000      0x626 Sketch.o
 .debug_abbrev  0x00000626      0x109 C:\Users\dsikar\Documents\Arduino\Knob\ArduinoSketch4\StandardFirmata\ArduinoCore\Debug\libArduinoCore.a(main.o)
 .debug_abbrev  0x0000072f      0x145 C:\Users\dsikar\Documents\Arduino\Knob\ArduinoSketch4\StandardFirmata\ArduinoCore\Debug\libArduinoCore.a(wiring.o)
 .debug_abbrev  0x00000874      0x184 C:\Users\dsikar\Documents\Arduino\Knob\ArduinoSketch4\StandardFirmata\ArduinoCore\Debug\libArduinoCore.a(wiring_analog.o)
 .debug_abbrev  0x000009f8      0x15b C:\Users\dsikar\Documents\Arduino\Knob\ArduinoSketch4\StandardFirmata\ArduinoCore\Debug\libArduinoCore.a(wiring_digital.o)
 .debug_abbrev  0x00000b53      0x685 C:\Users\dsikar\Documents\Arduino\Knob\ArduinoSketch4\StandardFirmata\ArduinoCore\Debug\libArduinoCore.a(Firmata.o)
 .debug_abbrev  0x000011d8      0x39c C:\Users\dsikar\Documents\Arduino\Knob\ArduinoSketch4\StandardFirmata\ArduinoCore\Debug\libArduinoCore.a(Servo.o)
 .debug_abbrev  0x00001574      0x5c6 C:\Users\dsikar\Documents\Arduino\Knob\ArduinoSketch4\StandardFirmata\ArduinoCore\Debug\libArduinoCore.a(Wire.o)
 .debug_abbrev  0x00001b3a      0x478 C:\Users\dsikar\Documents\Arduino\Knob\ArduinoSketch4\StandardFirmata\ArduinoCore\Debug\libArduinoCore.a(HardwareSerial.o)
 .debug_abbrev  0x00001fb2      0x3b1 C:\Users\dsikar\Documents\Arduino\Knob\ArduinoSketch4\StandardFirmata\ArduinoCore\Debug\libArduinoCore.a(HardwareSerial0.o)
 .debug_abbrev  0x00002363       0x2a C:\Users\dsikar\Documents\Arduino\Knob\ArduinoSketch4\StandardFirmata\ArduinoCore\Debug\libArduinoCore.a(hooks.o)
 .debug_abbrev  0x0000238d      0x487 C:\Users\dsikar\Documents\Arduino\Knob\ArduinoSketch4\StandardFirmata\ArduinoCore\Debug\libArduinoCore.a(Print.o)
 .debug_abbrev  0x00002814      0x14b C:\Users\dsikar\Documents\Arduino\Knob\ArduinoSketch4\StandardFirmata\ArduinoCore\Debug\libArduinoCore.a(WMath.o)
 .debug_abbrev  0x0000295f      0x25f C:\Users\dsikar\Documents\Arduino\Knob\ArduinoSketch4\StandardFirmata\ArduinoCore\Debug\libArduinoCore.a(twi.o)

.debug_line     0x00000000     0x3c11
 *(.debug_line .debug_line.* .debug_line_end)
 .debug_line    0x00000000      0xe25 Sketch.o
 .debug_line    0x00000e25      0x175 C:\Users\dsikar\Documents\Arduino\Knob\ArduinoSketch4\StandardFirmata\ArduinoCore\Debug\libArduinoCore.a(main.o)
 .debug_line    0x00000f9a      0x299 C:\Users\dsikar\Documents\Arduino\Knob\ArduinoSketch4\StandardFirmata\ArduinoCore\Debug\libArduinoCore.a(wiring.o)
 .debug_line    0x00001233      0x20f C:\Users\dsikar\Documents\Arduino\Knob\ArduinoSketch4\StandardFirmata\ArduinoCore\Debug\libArduinoCore.a(wiring_analog.o)
 .debug_line    0x00001442      0x252 C:\Users\dsikar\Documents\Arduino\Knob\ArduinoSketch4\StandardFirmata\ArduinoCore\Debug\libArduinoCore.a(wiring_digital.o)
 .debug_line    0x00001694      0x95e C:\Users\dsikar\Documents\Arduino\Knob\ArduinoSketch4\StandardFirmata\ArduinoCore\Debug\libArduinoCore.a(Firmata.o)
 .debug_line    0x00001ff2      0x378 C:\Users\dsikar\Documents\Arduino\Knob\ArduinoSketch4\StandardFirmata\ArduinoCore\Debug\libArduinoCore.a(Servo.o)
 .debug_line    0x0000236a      0x56f C:\Users\dsikar\Documents\Arduino\Knob\ArduinoSketch4\StandardFirmata\ArduinoCore\Debug\libArduinoCore.a(Wire.o)
 .debug_line    0x000028d9      0x426 C:\Users\dsikar\Documents\Arduino\Knob\ArduinoSketch4\StandardFirmata\ArduinoCore\Debug\libArduinoCore.a(HardwareSerial.o)
 .debug_line    0x00002cff      0x257 C:\Users\dsikar\Documents\Arduino\Knob\ArduinoSketch4\StandardFirmata\ArduinoCore\Debug\libArduinoCore.a(HardwareSerial0.o)
 .debug_line    0x00002f56       0x41 C:\Users\dsikar\Documents\Arduino\Knob\ArduinoSketch4\StandardFirmata\ArduinoCore\Debug\libArduinoCore.a(hooks.o)
 .debug_line    0x00002f97      0x63c C:\Users\dsikar\Documents\Arduino\Knob\ArduinoSketch4\StandardFirmata\ArduinoCore\Debug\libArduinoCore.a(Print.o)
 .debug_line    0x000035d3      0x149 C:\Users\dsikar\Documents\Arduino\Knob\ArduinoSketch4\StandardFirmata\ArduinoCore\Debug\libArduinoCore.a(WMath.o)
 .debug_line    0x0000371c      0x4f5 C:\Users\dsikar\Documents\Arduino\Knob\ArduinoSketch4\StandardFirmata\ArduinoCore\Debug\libArduinoCore.a(twi.o)

.debug_frame    0x00000000     0x13f8
 *(.debug_frame)
 .debug_frame   0x00000000      0x29c Sketch.o
 .debug_frame   0x0000029c       0x54 C:\Users\dsikar\Documents\Arduino\Knob\ArduinoSketch4\StandardFirmata\ArduinoCore\Debug\libArduinoCore.a(main.o)
 .debug_frame   0x000002f0       0xc4 C:\Users\dsikar\Documents\Arduino\Knob\ArduinoSketch4\StandardFirmata\ArduinoCore\Debug\libArduinoCore.a(wiring.o)
 .debug_frame   0x000003b4       0x54 C:\Users\dsikar\Documents\Arduino\Knob\ArduinoSketch4\StandardFirmata\ArduinoCore\Debug\libArduinoCore.a(wiring_analog.o)
 .debug_frame   0x00000408       0x7c C:\Users\dsikar\Documents\Arduino\Knob\ArduinoSketch4\StandardFirmata\ArduinoCore\Debug\libArduinoCore.a(wiring_digital.o)
 .debug_frame   0x00000484      0x3b8 C:\Users\dsikar\Documents\Arduino\Knob\ArduinoSketch4\StandardFirmata\ArduinoCore\Debug\libArduinoCore.a(Firmata.o)
 .debug_frame   0x0000083c      0x1b0 C:\Users\dsikar\Documents\Arduino\Knob\ArduinoSketch4\StandardFirmata\ArduinoCore\Debug\libArduinoCore.a(Servo.o)
 .debug_frame   0x000009ec      0x258 C:\Users\dsikar\Documents\Arduino\Knob\ArduinoSketch4\StandardFirmata\ArduinoCore\Debug\libArduinoCore.a(Wire.o)
 .debug_frame   0x00000c44      0x110 C:\Users\dsikar\Documents\Arduino\Knob\ArduinoSketch4\StandardFirmata\ArduinoCore\Debug\libArduinoCore.a(HardwareSerial.o)
 .debug_frame   0x00000d54       0xc0 C:\Users\dsikar\Documents\Arduino\Knob\ArduinoSketch4\StandardFirmata\ArduinoCore\Debug\libArduinoCore.a(HardwareSerial0.o)
 .debug_frame   0x00000e14       0x24 C:\Users\dsikar\Documents\Arduino\Knob\ArduinoSketch4\StandardFirmata\ArduinoCore\Debug\libArduinoCore.a(hooks.o)
 .debug_frame   0x00000e38      0x39c C:\Users\dsikar\Documents\Arduino\Knob\ArduinoSketch4\StandardFirmata\ArduinoCore\Debug\libArduinoCore.a(Print.o)
 .debug_frame   0x000011d4       0xf0 C:\Users\dsikar\Documents\Arduino\Knob\ArduinoSketch4\StandardFirmata\ArduinoCore\Debug\libArduinoCore.a(WMath.o)
 .debug_frame   0x000012c4      0x134 C:\Users\dsikar\Documents\Arduino\Knob\ArduinoSketch4\StandardFirmata\ArduinoCore\Debug\libArduinoCore.a(twi.o)

.debug_str      0x00000000     0x30f2
 *(.debug_str)
 .debug_str     0x00000000     0x1e5d Sketch.o
                               0x1fa0 (size before relaxing)
 .debug_str     0x00001e5d       0xbe C:\Users\dsikar\Documents\Arduino\Knob\ArduinoSketch4\StandardFirmata\ArduinoCore\Debug\libArduinoCore.a(main.o)
                                0x2c1 (size before relaxing)
 .debug_str     0x00001f1b      0x157 C:\Users\dsikar\Documents\Arduino\Knob\ArduinoSketch4\StandardFirmata\ArduinoCore\Debug\libArduinoCore.a(wiring.o)
                                0x24b (size before relaxing)
 .debug_str     0x00002072       0x6d C:\Users\dsikar\Documents\Arduino\Knob\ArduinoSketch4\StandardFirmata\ArduinoCore\Debug\libArduinoCore.a(wiring_analog.o)
                                0x24f (size before relaxing)
 .debug_str     0x000020df       0xa4 C:\Users\dsikar\Documents\Arduino\Knob\ArduinoSketch4\StandardFirmata\ArduinoCore\Debug\libArduinoCore.a(wiring_digital.o)
                                0x2b0 (size before relaxing)
 .debug_str     0x00002183      0x153 C:\Users\dsikar\Documents\Arduino\Knob\ArduinoSketch4\StandardFirmata\ArduinoCore\Debug\libArduinoCore.a(Firmata.o)
                               0x19a5 (size before relaxing)
 .debug_str     0x000022d6       0xbe C:\Users\dsikar\Documents\Arduino\Knob\ArduinoSketch4\StandardFirmata\ArduinoCore\Debug\libArduinoCore.a(Servo.o)
                                0x4ce (size before relaxing)
 .debug_str     0x00002394      0x498 C:\Users\dsikar\Documents\Arduino\Knob\ArduinoSketch4\StandardFirmata\ArduinoCore\Debug\libArduinoCore.a(Wire.o)
                               0x15f3 (size before relaxing)
 .debug_str     0x0000282c      0x2e4 C:\Users\dsikar\Documents\Arduino\Knob\ArduinoSketch4\StandardFirmata\ArduinoCore\Debug\libArduinoCore.a(HardwareSerial.o)
                               0x1356 (size before relaxing)
 .debug_str     0x00002b10       0x47 C:\Users\dsikar\Documents\Arduino\Knob\ArduinoSketch4\StandardFirmata\ArduinoCore\Debug\libArduinoCore.a(HardwareSerial0.o)
                               0x1156 (size before relaxing)
 .debug_str     0x00002b57       0x1c C:\Users\dsikar\Documents\Arduino\Knob\ArduinoSketch4\StandardFirmata\ArduinoCore\Debug\libArduinoCore.a(hooks.o)
                                0x140 (size before relaxing)
 .debug_str     0x00002b73      0x382 C:\Users\dsikar\Documents\Arduino\Knob\ArduinoSketch4\StandardFirmata\ArduinoCore\Debug\libArduinoCore.a(Print.o)
                                0xfb2 (size before relaxing)
 .debug_str     0x00002ef5       0xac C:\Users\dsikar\Documents\Arduino\Knob\ArduinoSketch4\StandardFirmata\ArduinoCore\Debug\libArduinoCore.a(WMath.o)
                                0x24e (size before relaxing)
 .debug_str     0x00002fa1      0x151 C:\Users\dsikar\Documents\Arduino\Knob\ArduinoSketch4\StandardFirmata\ArduinoCore\Debug\libArduinoCore.a(twi.o)
                                0x3cb (size before relaxing)

.debug_loc      0x00000000     0x7861
 *(.debug_loc)
 .debug_loc     0x00000000     0x19a8 Sketch.o
 .debug_loc     0x000019a8      0x269 C:\Users\dsikar\Documents\Arduino\Knob\ArduinoSketch4\StandardFirmata\ArduinoCore\Debug\libArduinoCore.a(wiring.o)
 .debug_loc     0x00001c11       0xfe C:\Users\dsikar\Documents\Arduino\Knob\ArduinoSketch4\StandardFirmata\ArduinoCore\Debug\libArduinoCore.a(wiring_analog.o)
 .debug_loc     0x00001d0f      0x5e3 C:\Users\dsikar\Documents\Arduino\Knob\ArduinoSketch4\StandardFirmata\ArduinoCore\Debug\libArduinoCore.a(wiring_digital.o)
 .debug_loc     0x000022f2     0x1614 C:\Users\dsikar\Documents\Arduino\Knob\ArduinoSketch4\StandardFirmata\ArduinoCore\Debug\libArduinoCore.a(Firmata.o)
 .debug_loc     0x00003906      0x6e5 C:\Users\dsikar\Documents\Arduino\Knob\ArduinoSketch4\StandardFirmata\ArduinoCore\Debug\libArduinoCore.a(Servo.o)
 .debug_loc     0x00003feb      0xb72 C:\Users\dsikar\Documents\Arduino\Knob\ArduinoSketch4\StandardFirmata\ArduinoCore\Debug\libArduinoCore.a(Wire.o)
 .debug_loc     0x00004b5d      0x497 C:\Users\dsikar\Documents\Arduino\Knob\ArduinoSketch4\StandardFirmata\ArduinoCore\Debug\libArduinoCore.a(HardwareSerial.o)
 .debug_loc     0x00004ff4      0x161 C:\Users\dsikar\Documents\Arduino\Knob\ArduinoSketch4\StandardFirmata\ArduinoCore\Debug\libArduinoCore.a(HardwareSerial0.o)
 .debug_loc     0x00005155     0x1ef6 C:\Users\dsikar\Documents\Arduino\Knob\ArduinoSketch4\StandardFirmata\ArduinoCore\Debug\libArduinoCore.a(Print.o)
 .debug_loc     0x0000704b      0x3cd C:\Users\dsikar\Documents\Arduino\Knob\ArduinoSketch4\StandardFirmata\ArduinoCore\Debug\libArduinoCore.a(WMath.o)
 .debug_loc     0x00007418      0x449 C:\Users\dsikar\Documents\Arduino\Knob\ArduinoSketch4\StandardFirmata\ArduinoCore\Debug\libArduinoCore.a(twi.o)

.debug_macinfo
 *(.debug_macinfo)

.debug_weaknames
 *(.debug_weaknames)

.debug_funcnames
 *(.debug_funcnames)

.debug_typenames
 *(.debug_typenames)

.debug_varnames
 *(.debug_varnames)

.debug_pubtypes
 *(.debug_pubtypes)

.debug_ranges   0x00000000      0x8a0
 *(.debug_ranges)
 .debug_ranges  0x00000000      0x248 Sketch.o
 .debug_ranges  0x00000248       0x28 C:\Users\dsikar\Documents\Arduino\Knob\ArduinoSketch4\StandardFirmata\ArduinoCore\Debug\libArduinoCore.a(main.o)
 .debug_ranges  0x00000270       0x38 C:\Users\dsikar\Documents\Arduino\Knob\ArduinoSketch4\StandardFirmata\ArduinoCore\Debug\libArduinoCore.a(wiring.o)
 .debug_ranges  0x000002a8       0x20 C:\Users\dsikar\Documents\Arduino\Knob\ArduinoSketch4\StandardFirmata\ArduinoCore\Debug\libArduinoCore.a(wiring_analog.o)
 .debug_ranges  0x000002c8       0x28 C:\Users\dsikar\Documents\Arduino\Knob\ArduinoSketch4\StandardFirmata\ArduinoCore\Debug\libArduinoCore.a(wiring_digital.o)
 .debug_ranges  0x000002f0      0x208 C:\Users\dsikar\Documents\Arduino\Knob\ArduinoSketch4\StandardFirmata\ArduinoCore\Debug\libArduinoCore.a(Firmata.o)
 .debug_ranges  0x000004f8       0x58 C:\Users\dsikar\Documents\Arduino\Knob\ArduinoSketch4\StandardFirmata\ArduinoCore\Debug\libArduinoCore.a(Servo.o)
 .debug_ranges  0x00000550       0xd8 C:\Users\dsikar\Documents\Arduino\Knob\ArduinoSketch4\StandardFirmata\ArduinoCore\Debug\libArduinoCore.a(Wire.o)
 .debug_ranges  0x00000628       0x70 C:\Users\dsikar\Documents\Arduino\Knob\ArduinoSketch4\StandardFirmata\ArduinoCore\Debug\libArduinoCore.a(HardwareSerial.o)
 .debug_ranges  0x00000698       0x28 C:\Users\dsikar\Documents\Arduino\Knob\ArduinoSketch4\StandardFirmata\ArduinoCore\Debug\libArduinoCore.a(HardwareSerial0.o)
 .debug_ranges  0x000006c0       0x10 C:\Users\dsikar\Documents\Arduino\Knob\ArduinoSketch4\StandardFirmata\ArduinoCore\Debug\libArduinoCore.a(hooks.o)
 .debug_ranges  0x000006d0      0x128 C:\Users\dsikar\Documents\Arduino\Knob\ArduinoSketch4\StandardFirmata\ArduinoCore\Debug\libArduinoCore.a(Print.o)
 .debug_ranges  0x000007f8       0x38 C:\Users\dsikar\Documents\Arduino\Knob\ArduinoSketch4\StandardFirmata\ArduinoCore\Debug\libArduinoCore.a(WMath.o)
 .debug_ranges  0x00000830       0x70 C:\Users\dsikar\Documents\Arduino\Knob\ArduinoSketch4\StandardFirmata\ArduinoCore\Debug\libArduinoCore.a(twi.o)

.debug_macro
 *(.debug_macro)
OUTPUT(StandardFirmata.elf elf32-avr)
LOAD linker stubs
